// Jest Snapshot v1, https://goo.gl/fbAQLP

exports[`selected Pokemons state 1`] = `null`;
